         w __deregister_frame_info
         w __register_frame_info
         w userAppExit
         w userAppInit
00000000 00000802 B __ctru_dev_utf16_buf
00000000 A __sync_synchronize
00000000 b _TLS_MODULE_BASE_
00000000 a shift
00000000 a shift
00000804 00000401 B __ctru_dev_path_buf
00100000 A __start__
00100000 T _start
00100008 T __service_ptr
0010000c T __apt_appid
00100010 T __heap_size
00100014 T __linear_heap_size
00100018 T __system_arglist
0010001c T __system_runflags
00100020 t startup
00100058 t ClearMem
0010006c t ClrLoop
00100094 T _init
001000ac T __aeabi_idiv
001000ac 00000220 T __divsi3
001000b4 t .divsi3_skip_div0_test
001002cc 00000020 T __aeabi_idivmod
001002ec 00000004 W __aeabi_idiv0
001002ec 00000004 W __aeabi_ldiv0
001002f0 T __aeabi_uldivmod
00100348 00000390 T strcmp
001006d0 T __aeabi_uidiv
001006d0 000001ec T __udivsi3
001006d0 t .udivsi3_skip_div0_test
001008bc 00000020 T __aeabi_uidivmod
001008dc T __aeabi_drsub
001008e4 000002b0 T __aeabi_dsub
001008e4 000002b0 T __subdf3
001008e8 000002ac T __adddf3
001008e8 000002ac T __aeabi_dadd
00100b94 00000024 T __aeabi_ui2d
00100b94 00000024 T __floatunsidf
00100bb8 00000028 T __aeabi_i2d
00100bb8 00000028 T __floatsidf
00100be0 00000048 T __aeabi_f2d
00100be0 00000048 T __extendsfdf2
00100c28 00000074 T __aeabi_ul2d
00100c28 00000074 T __floatundidf
00100c3c 00000060 T __aeabi_l2d
00100c3c 00000060 T __floatdidf
00100c9c t __do_global_dtors_aux
00100cec t frame_dummy
00100d18 000003a8 T main
001010c0 00000018 T consoleSelect
001010d8 000001c8 T consoleDrawChar
001012a0 00000170 T consolePrintChar
00101410 00000c40 T con_write
00102050 00000110 t newRow
00102160 00000180 T consoleInit
001022e0 000000cc t gfxPresentFramebuffer
001023ac 0000001c T gfxIsWide
001023c8 000000f8 T gfxSetScreenFormat
001024c0 00000010 T gfxSetDoubleBuffering
001024d0 000000d8 T gfxInit
001025a8 00000010 T gfxInitDefault
001025b8 000000b8 T gfxExit
00102670 000000a0 T gfxGetFramebuffer
00102710 00000100 T gfxFlushBuffers
00102810 00000050 T gfxSwapBuffers
00102860 00000050 T gfxSwapBuffersGpu
001028b0 00000180 t aptConvertScreenForCapture
00102a30 00000008 W aptDspSleep
00102a38 00000004 W aptDspWakeup
00102a3c 00000004 W aptDspCancel
00102a40 00000138 T aptSendCommand
00102b78 00000044 t aptExitProcess
00102bbc 00000394 T aptExit
00102f50 000000d8 T aptHandleSleep
00103028 00000084 T APT_SleepIfShellClosed
001030ac 00000078 T aptSetSleepAllowed
00103124 00000084 T APT_UnlockTransition
001031a8 00000470 t aptEventHandler
00103618 000000bc T APT_ReceiveParameter
001036d4 000000b0 t aptReceiveParameter.constprop.0
00103788 00000294 t aptScreenTransfer
00103a1c 000002d0 t aptWaitForWakeUp.isra.0
00103cec 000000f4 T aptJumpToHomeMenu
00103de0 00000058 T aptMainLoop
00103e38 00000240 T aptInit
00104078 00000090 T APT_CheckNew3DS
00104108 00000c70 t gspHardwareInit
00104d78 00000280 T gspInit
00104ff8 00000110 T gspExit
00105108 00000010 T gspHasGpuRight
00105118 000000a4 T gspPresentBuffer
001051bc 00000050 T gspWaitForEvent
0010520c 00000004 W gxCmdQueueInterrupt
00105210 00000154 t gspEventThreadMain
00105364 00000050 T GSPGPU_FlushDataCache
001053b4 00000034 T GSPGPU_SetLcdForceBlack
001053e8 00000080 T GSPGPU_AcquireRight
00105468 0000005c T GSPGPU_ReleaseRight
001054c4 0000007c T GSPGPU_ImportDisplayCaptureInfo
00105540 0000002c T GSPGPU_SaveVramSysArea
0010556c 0000002c T GSPGPU_RestoreVramSysArea
00105598 00000024 W hidShouldUseIrrst
001055bc 000001cc T hidInit
00105788 000000e8 T hidExit
00105870 000002a0 T hidScanInput
00105b10 00000010 T hidKeysDown
00105b20 000001a4 T irrstInit
00105cc4 000000dc T irrstExit
00105da0 000000b4 T irrstScanInput
00105e54 00000024 T irrstKeysHeld
00105e78 00000174 T connect
00105fec 00000070 T inet_pton
0010605c 00000014 t soc_open
00106070 00000034 t soc_read
001060a4 00000034 t soc_write
001060d8 000000b0 t soc_close
00106188 00000190 T socInit
00106318 00000088 T socExit
001063a0 00000020 T recv
001063c0 00000148 T socuipc_cmd7
00106508 00000168 T socuipc_cmd8
00106670 00000010 T soc_recvfrom
00106680 000000a4 T recvfrom
00106724 00000020 T send
00106744 0000015c T socuipc_cmd9
001068a0 00000160 T socuipc_cmda
00106a00 00000010 T soc_sendto
00106a10 000000a4 T sendto
00106ab4 0000016c T socket
00106c20 00000038 W __libctru_init
00106c58 0000016c W __system_initArgv
00106dc4 00000030 T __syscall_getreent
00106df4 00000004 T __syscall_lock_acquire
00106df8 00000004 T __syscall_lock_release
00106dfc 00000004 T __syscall_lock_acquire_recursive
00106e00 00000004 T __syscall_lock_release_recursive
00106e04 00000004 T __syscall_exit
00106e08 00000054 T initThreadVars
00106e5c 00000080 T __system_initSyscalls
00106edc T svcControlMemory
00106efc T svcQueryMemory
00106f2c T svcExitProcess
00106f34 T svcCreateThread
00106f54 T svcExitThread
00106f5c T svcSleepThread
00106f64 T svcReleaseMutex
00106f6c T svcCreateEvent
00106f80 T svcSignalEvent
00106f88 T svcClearEvent
00106f90 T svcCreateMemoryBlock
00106fa8 T svcMapMemoryBlock
00106fb0 T svcUnmapMemoryBlock
00106fb8 T svcCreateAddressArbiter
00106fcc T svcArbitrateAddressNoTimeout
00106fd4 T svcCloseHandle
00106fdc T svcWaitSynchronization
00106fe4 T svcWaitSynchronizationN
0010700c T svcDuplicateHandle
00107020 T svcConnectToPort
00107034 T svcSendSyncRequest
0010703c T svcGetResourceLimit
00107050 T svcGetResourceLimitLimitValues
00107058 T svcGetResourceLimitCurrentValues
00107060 T svcBreak
00107068 W initSystem
001070b8 W __ctru_exit
001070cc 00000024 t addrMapNodeComparator(rbtree_node const*, rbtree_node const*)
001070f0 00000004 t addrMapNodeDestructor(rbtree_node*)
001070f4 0000012c T linearMemAlign
00107220 00000008 T linearAlloc
00107228 0000005c T linearFree
00107284 00000088 T MemPool::CoalesceRight(MemBlock*)
0010730c 00000178 T MemPool::Allocate(MemChunk&, unsigned long, int)
00107484 00000118 T MemPool::Deallocate(MemChunk const&)
0010759c 00000030 T MemPool::GetFreeSpace()
001075cc 00000024 t addrMapNodeComparator(rbtree_node const*, rbtree_node const*)
001075f0 00000004 t addrMapNodeDestructor(rbtree_node*)
001075f4 00000248 T vramMemAlignAt
0010783c 0000000c T vramAlloc
00107848 00000094 T vramFree
001078dc 0000008c W envGetHandle
00107968 00000050 W envDestroyHandles
001079b8 00000034 T __ctru_speedup_config
001079ec 00000164 T srvInit
00107b50 00000064 T srvExit
00107bb4 00000060 T srvEnableNotification
00107c14 000000a0 T srvGetServiceHandleDirect
00107cb4 00000048 T srvGetServiceHandle
00107cfc 00000034 T srvSubscribe
00107d30 00000060 T srvReceiveNotification
00107d90 00000038 T srvPublishToSubscriber
00107dc8 0000000c T __sync_init
00107dd4 00000018 T __sync_fini
00107dec 00000028 T syncArbitrateAddress
00107e14 000000ac T LightLock_Lock
00107ec0 00000040 T LightLock_Unlock
00107f00 00000054 T RecursiveLock_Lock
00107f54 00000054 T RecursiveLock_Unlock
00107fa8 00000044 T LightEvent_Init
00107fec 000000b8 T LightEvent_Clear
001080a4 000000dc T LightEvent_Signal
00108180 00000050 T LightEvent_TryWait
001081d0 000000ac T LightEvent_Wait
0010827c 000001fc T threadCreate
00108478 00000038 T threadFree
001084b0 00000024 T threadJoin
001084d4 00000030 T threadGetCurrent
00108504 00000040 T threadExit
00108544 00000020 t _thread_begin
00108564 00000090 t mappableFindAddressWithin
001085f4 00000028 T mappableInit
0010861c 0000007c T mappableAlloc
00108698 00000004 T mappableFree
0010869c 00000078 T ptmSysmInit
00108714 0000003c T ptmSysmExit
00108750 00000034 T PTMSYSM_ConfigureNew3DSCPU
00108784 0000000c T srvPmGetSessionHandle
00108790 0000003c T _net_convert_error
001087cc 00000074 T rbtree_find
00108840 00000010 T rbtree_init
00108850 00000198 t do_insert
001089e8 00000008 T rbtree_insert
001089f0 00000310 T rbtree_remove
00108d00 00000090 T rbtree_rotate
00108d90 000001e8 W __system_allocateHeaps
00108f78 00000030 W __appExit
00108fa8 00000030 W __appInit
00108fd8 00000090 W __libctru_exit
00109068 00000014 t archive_link
0010907c 00000014 t archive_dirreset
00109090 00000014 t archive_chmod
001090a4 00000024 t error_cmp
001090c8 00000050 t archive_translate_error
00109118 000000c0 t archive_seek
001091d8 00000078 t _archiveInit.part.0
00109250 000000d4 t archiveFindDevice.part.0
00109324 00000298 t archive_utf16path
001095bc 00000098 t _archiveUnmountDeviceStruct.part.0
00109654 00000014 t archive_statvfs
00109668 00000014 t archive_fchmod
0010967c 00000178 t _archiveMountDevice
001097f4 000000f8 t archive_diropen
001098ec 000000ac t archive_fstat
00109998 00000074 t archive_fsync
00109a0c 00000074 t archive_close
00109a80 00000078 t archive_dirclose
00109af8 000000ec t sdmc_statvfs
00109be4 000000f8 t archive_chdir
00109cdc 0000008c t archive_ftruncate
00109d68 000000bc t archive_read
00109e24 000000a8 t archive_unlink
00109ecc 000000c0 t archive_rmdir
00109f8c 000000d8 t archive_mkdir
0010a064 000001a0 t archive_stat
0010a204 00000164 t archive_dirnext
0010a368 0000013c t archive_write
0010a4a8 00000254 t archive_open
0010a6fc 00000270 t archive_rename
0010a96c 000001c8 T archiveMountSdmc
0010ab34 00000054 T archiveUnmountAll
0010ab88 00000104 T fsInit
0010ac8c 0000003c T fsExit
0010acc8 00000068 T fsExemptFromSession
0010ad30 00000050 T fsUnexemptFromSession
0010ad80 000000cc T FSUSER_OpenFile
0010ae4c 000000b8 T FSUSER_DeleteFile
0010af04 000000f4 T FSUSER_RenameFile
0010aff8 000000b8 T FSUSER_DeleteDirectory
0010b0b0 000000d0 T FSUSER_CreateFile
0010b180 000000c0 T FSUSER_CreateDirectory
0010b240 000000f4 T FSUSER_RenameDirectory
0010b334 000000b4 T FSUSER_OpenDirectory
0010b3e8 00000090 T FSUSER_OpenArchive
0010b478 0000008c T FSUSER_CloseArchive
0010b504 00000074 T FSUSER_GetSdmcArchiveResource
0010b578 00000064 T FSUSER_IsSdmcWritable
0010b5dc 00000064 T FSFILE_Read
0010b640 0000006c T FSFILE_Write
0010b6ac 00000044 T FSFILE_GetSize
0010b6f0 00000028 T FSFILE_SetSize
0010b718 0000003c T FSFILE_Close
0010b754 00000024 T FSFILE_Flush
0010b778 00000060 T FSDIR_Read
0010b7d8 0000003c T FSDIR_Close
0010b814 00000060 T rbtree_node_next
0010b874 00000140 T decode_utf8
0010b9b4 000000e8 T utf16_to_utf8
0010ba9c 000000c0 T utf8_to_utf16
0010bb5c T __aeabi_read_tp
0010bb68 00000054 T decode_utf16
0010bbbc 00000054 T encode_utf16
0010bc10 000000e0 T encode_utf8
0010bcf0 0000002c T __aeabi_d2lz
0010bcf0 0000002c T __fixdfdi
0010bd20 00000040 T __aeabi_d2ulz
0010bd20 00000040 T __fixunsdfdi
0010bd60 00000130 T __udivmoddi4
0010be90 000000d8 T strncmp
0010bf68 00000410 T _strerror_r
0010c378 00000028 T strerror
0010c3a0 00000008 T _user_strerror
0010c3a8 0000008c T strlen
0010c434 0000001c t stdio_exit_handler
0010c450 0000005c t cleanup_stdio
0010c4ac 00000154 t global_stdio_init.part.0
0010c600 0000005c T __sinit
0010c65c 0000000c T __sfp_lock_acquire
0010c668 0000000c T __sfp_lock_release
0010c674 000001ec t _strtoul_l.isra.0
0010c860 00000038 T _strtoul_r
0010c898 0000003c T strtoul
0010c8d4 00000084 T __libc_init_array
0010c958 0000009c T strncat
0010c9f4 00000070 T _fwalk_sglue
0010ca64 00000078 T bsearch
0010cadc 0000000c T __errno
0010cae8 000000e0 T _puts_r
0010cbc8 00000020 T puts
0010cbe8 00000028 T memalign
0010cc10 0000082c T _malloc_r
0010d43c 00000114 T _malloc_trim_r
0010d550 00000314 T _free_r
0010d864 00000034 T printf
0010d898 0000003c T strnlen
0010d8d4 00000040 T malloc
0010d914 00000020 T free
0010d934 0000022c T __sflush_r
0010db60 000000c4 T _fflush_r
0010dc24 000000e4 T memset
0010dd08 0000000c T __malloc_lock
0010dd14 0000000c T __malloc_unlock
0010dd20 00000004 W __call_exitprocs
0010dd24 00000030 T exit
0010dd54 00000294 T setvbuf
0010dfe8 00000020 T close
0010e008 000000d4 T strncpy
0010e0dc 0000012c T memcpy
0010e208 00000078 T sscanf
0010e280 000004a4 T __sfvwrite_r
0010e724 00000044 T __sread
0010e768 00000008 T __seofread
0010e770 00000068 T __swrite
0010e7d8 00000040 T __sseek
0010e818 00000008 T __sclose
0010e820 0000016c T memmove
0010e98c 00000144 T _fclose_r
0010ead0 0000016c T _memalign_r
0010ec3c 000005e0 t get_arg
0010f220 00003554 T _vfprintf_r
00112774 000000b4 t __sbprintf
00112828 000000e8 T memchr
00112910 000001c0 t quorem
00112ad0 000013f0 T _dtoa_r
00113ec0 000000a0 T _wcrtomb_r
00113f60 0000003c T __libc_fini_array
00113f9c 00000164 T __smakebuf_r
00114100 00000090 T __swhatbuf_r
00114190 000004f0 T _realloc_r
00114680 00000050 t get_arg
001146d0 00002b88 T __ssvfscanf_r
00117258 00000264 t _strtoull_l.isra.0
001174bc 00000038 T _strtoull_r
001174f4 00000028 T _wcsrtombs_r
0011751c 000000c4 T _mbrtowc_r
001175e0 00000140 T __swsetup_r
00117720 0000000c T nanf
00117730 00000088 T frexp
001177b8 0000005c T __assert_func
00117814 00000088 T _Balloc
0011789c 0000001c T _Bfree
001178b8 000000f4 T __multadd
001179ac 0000010c T __s2b
00117ab8 00000080 T __hi0bits
00117b38 000000f0 T __lo0bits
00117c28 000000a4 T __i2b
00117ccc 00000230 T __multiply
00117efc 00000130 T __pow5mult
0011802c 00000138 T __lshift
00118164 00000058 T __mcmp
001181bc 00000218 T __mdiff
001183d4 00000068 T __ulp
0011843c 000000d4 T __b2d
00118510 00000120 T __d2b
00118630 00000078 T __ratio
001186a8 0000008c T __copybits
00118734 0000005c T __any_on
00118790 0000047c t _strtoll_l.isra.0
00118c0c 00000038 T _strtoll_r
00118c44 00000024 T __locale_mb_cur_max
00118c68 00000060 t sulp
00118cc8 00001428 T _strtod_l
0011a0f0 00000044 T _strtod_r
0011a134 000000a4 T __ssprint_r
0011a1d8 0000003c T fiprintf
0011a214 0000015c T _wcsnrtombs_l
0011a370 00000064 T _wcsnrtombs_r
0011a3d4 000000e4 T _sungetc_r
0011a4b8 0000006c T __ssrefill_r
0011a524 000000b4 T _sfread_r
0011a5d8 000000f4 t rshift
0011a6cc 000008b4 T __gethex
0011af80 00000068 T sprintf
0011afe8 00000340 T __utf8_mbtowc
0011b328 00000030 T __sprint_r
0011b358 00000008 T iswspace
0011b360 00000014 T abort
0011b374 00000024 T _localeconv_r
0011b398 000000d8 T _calloc_r
0011b470 00000028 T realloc
0011b498 000005e0 t get_arg
0011ba78 0000345c T _svfprintf_r
0011eed4 00000384 t _strtol_l.part.0
0011f258 0000006c T _strtol_r
0011f2c4 000000f8 T __sccl
0011f3bc 000000dc T stpncpy
0011f498 0000012c T __ssputs_r
0011f5c4 000000f8 T __utf8_wctomb
0011f6bc 00000070 T __match
0011f72c 000002a8 T __hexnan
0011f9d8 00000010 T nan
0011f9e8 00000140 T strchr
0011fb28 0000009c T _raise_r
0011fbc4 00000020 T raise
0011fbe4 00000038 T iswspace_l
0011fc1c 000000b8 T __submore
0011fcd4 000005e0 t get_arg
001202b4 000022f8 T _vfiprintf_r
001225ac 000000b4 t __sbprintf
00122660 00000090 T category
001226f0 00000020 T _exit
00122710 00000140 T chdir
00122850 000001c8 T _concatenate_path
00122a18 0000009c T _fstat_r
00122ab4 00000014 T _getpid_r
00122ac8 0000002c T __getreent
00122af4 000000a0 T __release_handle
00122b94 000000b0 T __alloc_handle
00122c44 00000058 T __get_handle
00122c9c 00000110 T _close_r
00122dac 00000008 t null_write
00122db4 00000018 T setDefaultDevice
00122dcc 000000c4 T FindDevice
00122e90 00000028 T RemoveDevice
00122eb8 00000098 T AddDevice
00122f50 00000020 T GetDeviceOpTab
00122f70 00000008 T _isatty_r
00122f78 00000014 T _kill_r
00122f8c 00000094 T _lseek_r
00123020 00000094 T _read_r
001230b4 00000078 W _sbrk_r
0012312c 0000001c T __libc_lock_acquire
00123148 0000001c T __libc_lock_release
00123164 0000001c T __libc_lock_acquire_recursive
00123180 0000001c T __libc_lock_release_recursive
0012319c 00000094 T _write_r
00123230 00000048 T strrchr
00123278 T _fini
00124a20 r .LC2
00124d08 00000080 r dotab_stdout
00124d88 00000018 r grayScale
00124da0 00000006 r colorCube
00124da8 00000030 r colorTable
00124df4 00000008 r morton_y.2
00124dfc 00000008 r morton_x.3
00124e04 00000008 r s_sleepWakeEvents.4
00124e0c 0000000c r serviceNameTable.5
00124e18 R default_font_bin
00125618 0000004d r _net_error_code_map
00125618 R default_font_bin_end
00125668 00000030 r error_table
00125698 00000080 r archive_devoptab
001257a8 00000101 R _ctype_
001259d4 00000010 r zeroes.0
001259e4 00000010 r blanks.1
00125b10 00000022 r basefix.0
00125b34 0000006c R __action_table
00125ba0 0000006c R __state_table
00125c0c 00000100 R __chclass
00125d0c 0000000c r p05.0
00125d18 00000028 R __mprec_bigtens
00125d40 000000c8 R __mprec_tens
00125e6c 00000014 r fpinan.0
00125e80 00000014 r fpi.1
00125e98 00000028 r tinytens
00125ec0 00000100 R __hexdig
001260ac 00000010 r zeroes.0
001260bc 00000010 r blanks.1
001261b8 00000010 r zeroes.0
001261c8 00000010 r blanks.1
001261d8 000035dc r categories
001297b4 00000080 R dotab_stdnull
00129834 R __tdata_align
00129838 r __EH_FRAME_BEGIN__
00129838 R __exidx_end
00129838 R __exidx_start
0012a000 00000001 d firstConsoleInit.0
0012a004 00000004 D currentConsole
0012a008 00000048 D defaultConsole
0012a050 00000004 d aptChainloadDeliverArgSize
0012a054 00000004 d kCount
0012a058 00000004 d kInterval
0012a05c 00000004 d kDelay
0012a060 00000080 d soc_devoptab
0012a0e0 W __stacksize__
0012a0e4 0000000c D __sglue
0012a0f0 00000004 D __malloc_sbrk_base
0012a0f4 00000004 D __malloc_trim_threshold
0012a0f8 00000408 D __malloc_av_
0012a500 00000004 D _impure_ptr
0012a508 00000140 D _impure_data
0012a648 0000016c D __global_locale
0012a7b4 00000400 d _current_working_directory
0012abb8 00001000 d handles
0012bbb8 0000000c d __stderr_handle
0012bbc4 0000000c d __stdout_handle
0012bbd0 0000000c d __stdin_handle
0012bbdc 0000008c D devoptab_list
0012bc68 00000004 d defaultDevice
0012bc74 d _GLOBAL_OFFSET_TABLE_
0012bc80 d __frame_dummy_init_array_entry
0012bc80 D __init_array_start
0012bc80 B __preinit_array_end
0012bc80 B __preinit_array_start
0012bc80 D __tdata_lma
0012bc80 D __tdata_lma_end
0012bc84 d __do_global_dtors_aux_fini_array_entry
0012bc84 D __fini_array_start
0012bc84 D __init_array_end
0012bc88 D __bss_start__
0012bc88 D __fini_array_end
0012bc88 00000048 B top_screen
0012bcd0 00000048 B bottom_screen
0012bd18 00000004 b socket_buffer
0012bd1c 00000004 b connected
0012bd20 b completed.1
0012bd24 b object.0
0012bd3c 00000064 b escapeSeq
0012bda0 00000048 B currentCopy
0012bde8 00000004 b screenAlloc
0012bdec 00000004 b screenFree
0012bdf0 00000002 b gfxIsDoubleBuf
0012bdf4 00000002 b gfxCurBuf
0012bdf6 00000001 b gfxIsVram
0012bdf7 00000001 b gfxTopMode
0012bdf8 00000002 b gfxFramebufferFormats
0012bdfc 00000004 b gfxBottomFramebufferMaxSize
0012be00 00000004 b gfxTopFramebufferMaxSize
0012be08 00000008 b gfxBottomFramebuffers
0012be10 00000008 b gfxTopFramebuffers
0012be18 00000001 b flagValue.0
0012be19 00000001 b flagInit.1
0012be1c 00000004 b serviceName.6
0012be20 00000001 b aptChainloadFlags
0012be21 00000001 b aptChainloadMediatype
0012be24 00000020 b aptChainloadHmac
0012be44 00000300 b aptChainloadDeliverArg
0012c148 00000008 b aptChainloadTid
0012c150 00001000 b aptParameters
0012d150 00000004 b aptFlags
0012d154 00000001 b aptHomeButtonState
0012d158 00000004 b aptMessageFuncData
0012d15c 00000004 b aptMessageFunc
0012d160 0000000c b aptFirstHook
0012d16c 00000001 b aptEventHandlerThreadQuit
0012d170 00000004 b aptEventHandlerThread
0012d174 00000008 b aptSleepEvent
0012d17c 00000008 b aptReceiveEvent
0012d184 00000008 b aptEvents
0012d18c 00000004 b aptLockHandle
0012d190 00000004 b aptRefCount
0012d194 00000007 b gspEventCbOneShot
0012d19c 0000001c b gspEventCbData
0012d1b8 0000001c b gspEventCb
0012d1d4 00000038 b gspEvents
0012d20c 00000004 b gspLastEvent
0012d210 00000001 b gspRunEvents
0012d214 00000004 b gspEventThread
0012d218 00000004 b gspEvent
0012d21c 00000001 b gspGpuRight
0012d21d 00000001 b gspThreadId
0012d220 00000004 b gspSharedMem
0012d224 00000004 b gspSharedMemHandle
0012d228 00000004 b gspRefCount
0012d22c 00000004 b gspGpuHandle
0012d230 00000001 b usingIrrst
0012d234 00000004 b hidRefCount
0012d238 00000006 b gRate
0012d240 00000006 b aVec
0012d248 00000004 b cPos
0012d24c 00000004 b tPos
0012d250 00000004 b kRepeat
0012d254 00000004 b kUp
0012d258 00000004 b kDown
0012d25c 00000004 b kHeld
0012d260 00000004 b kOld
0012d264 00000004 B hidSharedMem
0012d268 00000014 B hidEvents
0012d27c 00000004 B hidMemHandle
0012d280 00000004 B hidHandle
0012d284 00000004 b irrstRefCount
0012d288 00000004 b csPos
0012d28c 00000004 b kHeld
0012d290 00000004 B irrstSharedMem
0012d294 00000004 B irrstEvent
0012d298 00000004 B irrstMemHandle
0012d29c 00000004 B irrstHandle
0012d2a0 00000004 B __system_retAddr
0012d2a4 00000004 B __system_argv
0012d2a8 00000004 B __system_argc
0012d2ac b saved_stack
0012d2b8 00000008 b sLinearPool
0012d2c0 0000000c b sAddrMap
0012d2d0 00000008 b sVramPoolB
0012d2d8 00000008 b sVramPoolA
0012d2e0 0000000c b sAddrMap
0012d2ec 00000004 B __3dslink_host
0012d2f0 00000001 V __ctru_speedup
0012d2f4 00000004 b srvRefCount
0012d2f8 00000004 b srvHandle
0012d2fc 00000004 b arbiter
0012d300 00000004 b currentAddr
0012d304 00000004 b maxAddr
0012d308 00000004 b minAddr
0012d30c 00000004 b ptmSysmRefCount
0012d310 00000004 b ptmSysmHandle
0012d314 00000004 b srvPmHandle
0012d318 00000004 B socMemhandle
0012d31c 00000004 B SOCU_handle
0012d320 00000004 V __ctru_linear_heap_size
0012d324 00000004 V __ctru_heap_size
0012d328 00000004 B __ctru_linear_heap
0012d32c 00000004 B __ctru_heap
0012d330 000005c0 b archive_devices
0012d8f0 00000004 b archive_device_cwd
0012d8f4 00000001 b archive_initialized
0012d8f8 00000080 b fsExemptArchives
0012d978 00000004 b fsuRefCount
0012d97c 00000004 b fsuHandle
0012d980 0000000c b __sfp_recursive_mutex
0012d990 00000168 B __sf
0012daf8 00000004 B __stdio_exit_handler
0012dafc 00000028 B __malloc_current_mallinfo
0012db24 00000004 B __malloc_max_total_mem
0012db28 00000004 B __malloc_max_sbrked_mem
0012db2c 00000004 B __malloc_top_pad
0012db30 0000000c b __malloc_recursive_mutex
0012db3c 00000400 b temp_cwd
0012df3c 00000004 b __hndl_lock
0012df40 00000004 B fake_heap_start
0012df44 00000004 B fake_heap_end
0012df48 00000004 b heap_start.0
0012df4c B __tls_start
0012eb54 B __bss_end__
0012eb54 A __end__
0012eb54 B __tls_end
